.\gradlew.bat : 
WARNING: A 
restricted method in 
java.lang.System has 
been called
En línea: 1 
Carácter: 1
+ .\gradlew.bat 
assembleDebug 
--stacktrace > 
build_stack.log 2>&1
+ ~~~~~~~~~~~~~~~~~~~
~~~~~~~~~~~~~~~~~~~~~
~~~~~~~~~~~~~~~~~~~~~
~~
    + CategoryInfo   
           : 
NotSpecifi    ed: 
(WARNING: A re    
st...has been call   
 ed:String) [], Rem  
  oteException
    + 
FullyQualifiedEr    
rorId : NativeComm   
 andError
 
WARNING: java.lang.Sy
stem::load has been 
called by net.rubygra
pefruit.platform.inte
rnal.NativeLibraryLoa
der in an unnamed 
module (file:/C:/User
s/reshi/.gradle/wrapp
er/dists/gradle-8.11.
1-bin/bpt9gzteqjrbo1m
jrsomdt32c/gradle-8.1
1.1/lib/native-platfo
rm-0.22-milestone-26.
jar)
WARNING: Use --enable
-native-access=ALL-UN
NAMED to avoid a 
warning for callers 
in this module
WARNING: Restricted 
methods will be 
blocked in a future 
release unless 
native access is 
enabled


FAILURE: Build 
failed with an 
exception.

* What went wrong:
25.0.1

* Try:
> Run with --info or 
--debug option to 
get more log output.
> Run with --scan to 
get full insights.
> Get more help at ht
tps://help.gradle.org
.

* Exception is:
java.lang.IllegalArgu
mentException: 25.0.1
	at org.jetbrains.kot
lin.com.intellij.util
.lang.JavaVersion.par
se(JavaVersion.java:3
07)
	at org.jetbrains.kot
lin.com.intellij.util
.lang.JavaVersion.cur
rent(JavaVersion.java
:176)
	at org.jetbrains.kot
lin.cli.jvm.modules.J
avaVersionUtilsKt.isA
tLeastJava9(javaVersi
onUtils.kt:11)
	at org.jetbrains.kot
lin.cli.jvm.modules.C
oreJrtFileSystem.glob
alJrtFsCache$lambda$2
(CoreJrtFileSystem.kt
:83)
	at org.jetbrains.kot
lin.cli.jvm.modules.C
oreJrtFileSystem.glob
alJrtFsCache$lambda$3
(CoreJrtFileSystem.kt
:74)
	at org.jetbrains.kot
lin.com.intellij.util
.containers.Concurren
tFactoryMap$2.create(
ConcurrentFactoryMap.
java:174)
	at org.jetbrains.kot
lin.com.intellij.util
.containers.Concurren
tFactoryMap.get(Concu
rrentFactoryMap.java:
40)
	at org.jetbrains.kot
lin.cli.jvm.modules.C
oreJrtFileSystem.root
s$lambda$0(CoreJrtFil
eSystem.kt:34)
	at org.jetbrains.kot
lin.cli.jvm.modules.C
oreJrtFileSystem.root
s$lambda$1(CoreJrtFil
eSystem.kt:33)
	at org.jetbrains.kot
lin.com.intellij.util
.containers.Concurren
tFactoryMap$2.create(
ConcurrentFactoryMap.
java:174)
	at org.jetbrains.kot
lin.com.intellij.util
.containers.Concurren
tFactoryMap.get(Concu
rrentFactoryMap.java:
40)
	at org.jetbrains.kot
lin.cli.jvm.modules.C
oreJrtFileSystem.find
FileByPath(CoreJrtFil
eSystem.kt:42)
	at org.jetbrains.kot
lin.cli.jvm.modules.C
liJavaModuleFinder.<i
nit>(CliJavaModuleFin
der.kt:44)
	at org.jetbrains.kot
lin.cli.jvm.compiler.
KotlinCoreEnvironment
.<init>(KotlinCoreEnv
ironment.kt:243)
	at org.jetbrains.kot
lin.cli.jvm.compiler.
KotlinCoreEnvironment
.<init>(KotlinCoreEnv
ironment.kt)
	at org.jetbrains.kot
lin.cli.jvm.compiler.
KotlinCoreEnvironment
$Companion.createForP
roduction(KotlinCoreE
nvironment.kt:468)
	at org.gradle.kotlin
.dsl.support.KotlinCo
mpilerKt$kotlinCoreEn
vironmentFor$1.create
(KotlinCompiler.kt:42
9)
	at org.gradle.kotlin
.dsl.support.KotlinCo
mpilerKt$kotlinCoreEn
vironmentFor$1.create
(KotlinCompiler.kt:42
5)
	at org.gradle.intern
al.SystemProperties.w
ithSystemProperty(Sys
temProperties.java:12
3)
	at org.gradle.kotlin
.dsl.support.KotlinCo
mpilerKt.kotlinCoreEn
vironmentFor(KotlinCo
mpiler.kt:425)
	at org.gradle.kotlin
.dsl.support.KotlinCo
mpilerKt.compileKotli
nScriptModuleTo(Kotli
nCompiler.kt:184)
	at org.gradle.kotlin
.dsl.support.KotlinCo
mpilerKt.compileKotli
nScriptToDirectory(Ko
tlinCompiler.kt:148)
	at org.gradle.kotlin
.dsl.execution.Residu
alProgramCompiler$com
pileScript$1.invoke(R
esidualProgramCompile
r.kt:713)
	at org.gradle.kotlin
.dsl.execution.Residu
alProgramCompiler$com
pileScript$1.invoke(R
esidualProgramCompile
r.kt:712)
	at org.gradle.kotlin
.dsl.provider.Standar
dKotlinScriptEvaluato
r$InterpreterHost$run
CompileBuildOperation
$1.call(KotlinScriptE
valuator.kt:206)
	at org.gradle.kotlin
.dsl.provider.Standar
dKotlinScriptEvaluato
r$InterpreterHost$run
CompileBuildOperation
$1.call(KotlinScriptE
valuator.kt:203)
	at org.gradle.intern
al.operations.Default
BuildOperationRunner$
CallableBuildOperatio
nWorker.execute(Defau
ltBuildOperationRunne
r.java:209)
	at org.gradle.intern
al.operations.Default
BuildOperationRunner$
CallableBuildOperatio
nWorker.execute(Defau
ltBuildOperationRunne
r.java:204)
	at org.gradle.intern
al.operations.Default
BuildOperationRunner$
2.execute(DefaultBuil
dOperationRunner.java
:66)
	at org.gradle.intern
al.operations.Default
BuildOperationRunner$
2.execute(DefaultBuil
dOperationRunner.java
:59)
	at org.gradle.intern
al.operations.Default
BuildOperationRunner.
execute(DefaultBuildO
perationRunner.java:1
66)
	at org.gradle.intern
al.operations.Default
BuildOperationRunner.
execute(DefaultBuildO
perationRunner.java:5
9)
	at org.gradle.intern
al.operations.Default
BuildOperationRunner.
call(DefaultBuildOper
ationRunner.java:53)
	at org.gradle.kotlin
.dsl.provider.Standar
dKotlinScriptEvaluato
r$InterpreterHost.run
CompileBuildOperation
(KotlinScriptEvaluato
r.kt:203)
	at org.gradle.kotlin
.dsl.execution.Interp
reter$compile$1$1$1$1
.invoke(Interpreter.k
t:334)
	at org.gradle.kotlin
.dsl.execution.Interp
reter$compile$1$1$1$1
.invoke(Interpreter.k
t:334)
	at org.gradle.kotlin
.dsl.execution.Residu
alProgramCompiler.com
pileScript-C5AE47M(Re
sidualProgramCompiler
.kt:712)
	at org.gradle.kotlin
.dsl.execution.Residu
alProgramCompiler.com
pileStage1-EfyMToc(Re
sidualProgramCompiler
.kt:695)
	at org.gradle.kotlin
.dsl.execution.Residu
alProgramCompiler.emi
tStage1Sequence(Resid
ualProgramCompiler.kt
:247)
	at org.gradle.kotlin
.dsl.execution.Residu
alProgramCompiler.emi
tStage1Sequence(Resid
ualProgramCompiler.kt
:238)
	at org.gradle.kotlin
.dsl.execution.Residu
alProgramCompiler.emi
t(ResidualProgramComp
iler.kt:198)
	at org.gradle.kotlin
.dsl.execution.Residu
alProgramCompiler.emi
t(ResidualProgramComp
iler.kt:182)
	at org.gradle.kotlin
.dsl.execution.Residu
alProgramCompiler.acc
ess$emit(ResidualProg
ramCompiler.kt:83)
	at org.gradle.kotlin
.dsl.execution.Residu
alProgramCompiler$emi
tDynamicProgram$1$1.i
nvoke(ResidualProgram
Compiler.kt:123)
	at org.gradle.kotlin
.dsl.execution.Residu
alProgramCompiler$emi
tDynamicProgram$1$1.i
nvoke(ResidualProgram
Compiler.kt:121)
	at org.gradle.kotlin
.dsl.execution.Residu
alProgramCompiler$ove
rrideExecute$1.invoke
(ResidualProgramCompi
ler.kt:548)
	at org.gradle.kotlin
.dsl.execution.Residu
alProgramCompiler$ove
rrideExecute$1.invoke
(ResidualProgramCompi
ler.kt:547)
	at org.gradle.kotlin
.dsl.support.bytecode
.AsmExtensionsKt.meth
od(AsmExtensions.kt:1
33)
	at org.gradle.kotlin
.dsl.support.bytecode
.AsmExtensionsKt.publ
icMethod(AsmExtension
s.kt:116)
	at org.gradle.kotlin
.dsl.support.bytecode
.AsmExtensionsKt.publ
icMethod$default(AsmE
xtensions.kt:108)
	at org.gradle.kotlin
.dsl.execution.Residu
alProgramCompiler.ove
rrideExecute(Residual
ProgramCompiler.kt:54
7)
	at org.gradle.kotlin
.dsl.execution.Residu
alProgramCompiler.acc
ess$overrideExecute(R
esidualProgramCompile
r.kt:83)
	at org.gradle.kotlin
.dsl.execution.Residu
alProgramCompiler$emi
tDynamicProgram$1.inv
oke(ResidualProgramCo
mpiler.kt:121)
	at org.gradle.kotlin
.dsl.execution.Residu
alProgramCompiler$emi
tDynamicProgram$1.inv
oke(ResidualProgramCo
mpiler.kt:119)
	at org.gradle.kotlin
.dsl.execution.Residu
alProgramCompiler$pro
gram$3.invoke(Residua
lProgramCompiler.kt:6
73)
	at org.gradle.kotlin
.dsl.execution.Residu
alProgramCompiler$pro
gram$3.invoke(Residua
lProgramCompiler.kt:6
71)
	at org.gradle.kotlin
.dsl.support.bytecode
.AsmExtensionsKt.publ
icClass-7y5yvvE(AsmEx
tensions.kt:41)
	at org.gradle.kotlin
.dsl.execution.Residu
alProgramCompiler.pro
gram-5oOsWEo(Residual
ProgramCompiler.kt:67
1)
	at org.gradle.kotlin
.dsl.execution.Residu
alProgramCompiler.acc
ess$program-5oOsWEo(R
esidualProgramCompile
r.kt:83)
	at org.gradle.kotlin
.dsl.execution.Residu
alProgramCompiler.emi
tDynamicProgram(Resid
ualProgramCompiler.kt
:798)
	at org.gradle.kotlin
.dsl.execution.Residu
alProgramCompiler.com
pile(ResidualProgramC
ompiler.kt:102)
	at org.gradle.kotlin
.dsl.execution.Interp
reter$compile$1.invok
e(Interpreter.kt:337)
	at org.gradle.kotlin
.dsl.execution.Interp
reter$compile$1.invok
e(Interpreter.kt:301)
	at org.gradle.kotlin
.dsl.provider.Standar
dKotlinScriptEvaluato
r$KotlinScriptCompila
tionAndInstrumentatio
n.compile(KotlinScrip
tEvaluator.kt:437)
	at org.gradle.intern
al.scripts.BuildScrip
tCompilationAndInstru
mentation.execute(Bui
ldScriptCompilationAn
dInstrumentation.java
:136)
	at org.gradle.intern
al.execution.steps.Ex
ecuteStep.executeInte
rnal(ExecuteStep.java
:105)
	at org.gradle.intern
al.execution.steps.Ex
ecuteStep.access$000(
ExecuteStep.java:44)
	at org.gradle.intern
al.execution.steps.Ex
ecuteStep$1.call(Exec
uteStep.java:59)
	at org.gradle.intern
al.execution.steps.Ex
ecuteStep$1.call(Exec
uteStep.java:56)
	at org.gradle.intern
al.operations.Default
BuildOperationRunner$
CallableBuildOperatio
nWorker.execute(Defau
ltBuildOperationRunne
r.java:209)
	at org.gradle.intern
al.operations.Default
BuildOperationRunner$
CallableBuildOperatio
nWorker.execute(Defau
ltBuildOperationRunne
r.java:204)
	at org.gradle.intern
al.operations.Default
BuildOperationRunner$
2.execute(DefaultBuil
dOperationRunner.java
:66)
	at org.gradle.intern
al.operations.Default
BuildOperationRunner$
2.execute(DefaultBuil
dOperationRunner.java
:59)
	at org.gradle.intern
al.operations.Default
BuildOperationRunner.
execute(DefaultBuildO
perationRunner.java:1
66)
	at org.gradle.intern
al.operations.Default
BuildOperationRunner.
execute(DefaultBuildO
perationRunner.java:5
9)
	at org.gradle.intern
al.operations.Default
BuildOperationRunner.
call(DefaultBuildOper
ationRunner.java:53)
	at org.gradle.intern
al.execution.steps.Ex
ecuteStep.execute(Exe
cuteStep.java:56)
	at org.gradle.intern
al.execution.steps.Ex
ecuteStep.execute(Exe
cuteStep.java:44)
	at org.gradle.intern
al.execution.steps.Ca
ncelExecutionStep.exe
cute(CancelExecutionS
tep.java:42)
	at org.gradle.intern
al.execution.steps.Ti
meoutStep.executeWith
outTimeout(TimeoutSte
p.java:75)
	at org.gradle.intern
al.execution.steps.Ti
meoutStep.execute(Tim
eoutStep.java:55)
	at org.gradle.intern
al.execution.steps.Pr
eCreateOutputParentsS
tep.execute(PreCreate
OutputParentsStep.jav
a:50)
	at org.gradle.intern
al.execution.steps.Pr
eCreateOutputParentsS
tep.execute(PreCreate
OutputParentsStep.jav
a:28)
	at org.gradle.intern
al.execution.steps.Br
oadcastChangingOutput
sStep.execute(Broadca
stChangingOutputsStep
.java:61)
	at org.gradle.intern
al.execution.steps.Br
oadcastChangingOutput
sStep.execute(Broadca
stChangingOutputsStep
.java:26)
	at org.gradle.intern
al.execution.steps.No
InputChangesStep.exec
ute(NoInputChangesSte
p.java:30)
	at org.gradle.intern
al.execution.steps.No
InputChangesStep.exec
ute(NoInputChangesSte
p.java:21)
	at org.gradle.intern
al.execution.steps.Ca
ptureOutputsAfterExec
utionStep.execute(Cap
tureOutputsAfterExecu
tionStep.java:69)
	at org.gradle.intern
al.execution.steps.Ca
ptureOutputsAfterExec
utionStep.execute(Cap
tureOutputsAfterExecu
tionStep.java:46)
	at org.gradle.intern
al.execution.steps.Bu
ildCacheStep.executeW
ithoutCache(BuildCach
eStep.java:189)
	at org.gradle.intern
al.execution.steps.Bu
ildCacheStep.lambda$e
xecute$1(BuildCacheSt
ep.java:75)
	at org.gradle.intern
al.Either$Right.fold(
Either.java:175)
	at org.gradle.intern
al.execution.caching.
CachingState.fold(Cac
hingState.java:62)
	at org.gradle.intern
al.execution.steps.Bu
ildCacheStep.execute(
BuildCacheStep.java:7
3)
	at org.gradle.intern
al.execution.steps.Bu
ildCacheStep.execute(
BuildCacheStep.java:4
8)
	at org.gradle.intern
al.execution.steps.Ne
verUpToDateStep.execu
te(NeverUpToDateStep.
java:34)
	at org.gradle.intern
al.execution.steps.Ne
verUpToDateStep.execu
te(NeverUpToDateStep.
java:22)
	at org.gradle.intern
al.execution.steps.le
gacy.MarkSnapshotting
InputsFinishedStep.ex
ecute(MarkSnapshottin
gInputsFinishedStep.j
ava:37)
	at org.gradle.intern
al.execution.steps.le
gacy.MarkSnapshotting
InputsFinishedStep.ex
ecute(MarkSnapshottin
gInputsFinishedStep.j
ava:27)
	at org.gradle.intern
al.execution.steps.Re
solveNonIncrementalCa
chingStateStep.execut
eDelegate(ResolveNonI
ncrementalCachingStat
eStep.java:50)
	at org.gradle.intern
al.execution.steps.Ab
stractResolveCachingS
tateStep.execute(Abst
ractResolveCachingSta
teStep.java:71)
	at org.gradle.intern
al.execution.steps.Ab
stractResolveCachingS
tateStep.execute(Abst
ractResolveCachingSta
teStep.java:39)
	at org.gradle.intern
al.execution.steps.Va
lidateStep.execute(Va
lidateStep.java:107)
	at org.gradle.intern
al.execution.steps.Va
lidateStep.execute(Va
lidateStep.java:56)
	at org.gradle.intern
al.execution.steps.Ab
stractCaptureStateBef
oreExecutionStep.exec
ute(AbstractCaptureSt
ateBeforeExecutionSte
p.java:64)
	at org.gradle.intern
al.execution.steps.Ab
stractCaptureStateBef
oreExecutionStep.exec
ute(AbstractCaptureSt
ateBeforeExecutionSte
p.java:43)
	at org.gradle.intern
al.execution.steps.le
gacy.MarkSnapshotting
InputsStartedStep.exe
cute(MarkSnapshotting
InputsStartedStep.jav
a:38)
	at org.gradle.intern
al.execution.steps.As
signImmutableWorkspac
eStep.lambda$executeI
nTemporaryWorkspace$3
(AssignImmutableWorks
paceStep.java:209)
	at org.gradle.intern
al.execution.workspac
e.impl.CacheBasedImmu
tableWorkspaceProvide
r$1.withTemporaryWork
space(CacheBasedImmut
ableWorkspaceProvider
.java:116)
	at org.gradle.intern
al.execution.steps.As
signImmutableWorkspac
eStep.executeInTempor
aryWorkspace(AssignIm
mutableWorkspaceStep.
java:199)
	at org.gradle.intern
al.execution.steps.As
signImmutableWorkspac
eStep.lambda$execute$
0(AssignImmutableWork
spaceStep.java:121)
	at org.gradle.intern
al.execution.steps.As
signImmutableWorkspac
eStep.execute(AssignI
mmutableWorkspaceStep
.java:121)
	at org.gradle.intern
al.execution.steps.As
signImmutableWorkspac
eStep.execute(AssignI
mmutableWorkspaceStep
.java:90)
	at org.gradle.intern
al.execution.steps.Ch
oosePipelineStep.exec
ute(ChoosePipelineSte
p.java:38)
	at org.gradle.intern
al.execution.steps.Ch
oosePipelineStep.exec
ute(ChoosePipelineSte
p.java:23)
	at org.gradle.intern
al.execution.steps.Ex
ecuteWorkBuildOperati
onFiringStep.lambda$e
xecute$2(ExecuteWorkB
uildOperationFiringSt
ep.java:67)
	at org.gradle.intern
al.execution.steps.Ex
ecuteWorkBuildOperati
onFiringStep.execute(
ExecuteWorkBuildOpera
tionFiringStep.java:6
7)
	at org.gradle.intern
al.execution.steps.Ex
ecuteWorkBuildOperati
onFiringStep.execute(
ExecuteWorkBuildOpera
tionFiringStep.java:3
9)
	at org.gradle.intern
al.execution.steps.Id
entityCacheStep.execu
te(IdentityCacheStep.
java:46)
	at org.gradle.intern
al.execution.steps.Id
entityCacheStep.execu
te(IdentityCacheStep.
java:34)
	at org.gradle.intern
al.execution.steps.Id
entifyStep.execute(Id
entifyStep.java:48)
	at org.gradle.intern
al.execution.steps.Id
entifyStep.execute(Id
entifyStep.java:35)
	at org.gradle.intern
al.execution.impl.Def
aultExecutionEngine$1
.execute(DefaultExecu
tionEngine.java:61)
	at org.gradle.kotlin
.dsl.provider.Standar
dKotlinScriptEvaluato
r$InterpreterHost.cac
hedDirFor(KotlinScrip
tEvaluator.kt:301)
	at org.gradle.kotlin
.dsl.execution.Interp
reter.compile(Interpr
eter.kt:301)
	at org.gradle.kotlin
.dsl.execution.Interp
reter.emitSpecialized
ProgramFor(Interprete
r.kt:267)
	at org.gradle.kotlin
.dsl.execution.Interp
reter.eval(Interprete
r.kt:199)
	at org.gradle.kotlin
.dsl.provider.Standar
dKotlinScriptEvaluato
r.evaluate(KotlinScri
ptEvaluator.kt:130)
	at org.gradle.kotlin
.dsl.provider.KotlinS
criptPluginFactory$cr
eate$1.invoke(KotlinS
criptPluginFactory.kt
:46)
	at org.gradle.kotlin
.dsl.provider.KotlinS
criptPluginFactory$cr
eate$1.invoke(KotlinS
criptPluginFactory.kt
:43)
	at org.gradle.kotlin
.dsl.provider.KotlinS
criptPlugin.apply(Kot
linScriptPlugin.kt:35
)
	at org.gradle.config
uration.BuildOperatio
nScriptPlugin$1.run(B
uildOperationScriptPl
ugin.java:68)
	at org.gradle.intern
al.operations.Default
BuildOperationRunner$
1.execute(DefaultBuil
dOperationRunner.java
:29)
	at org.gradle.intern
al.operations.Default
BuildOperationRunner$
1.execute(DefaultBuil
dOperationRunner.java
:26)
	at org.gradle.intern
al.operations.Default
BuildOperationRunner$
2.execute(DefaultBuil
dOperationRunner.java
:66)
	at org.gradle.intern
al.operations.Default
BuildOperationRunner$
2.execute(DefaultBuil
dOperationRunner.java
:59)
	at org.gradle.intern
al.operations.Default
BuildOperationRunner.
execute(DefaultBuildO
perationRunner.java:1
66)
	at org.gradle.intern
al.operations.Default
BuildOperationRunner.
execute(DefaultBuildO
perationRunner.java:5
9)
	at org.gradle.intern
al.operations.Default
BuildOperationRunner.
run(DefaultBuildOpera
tionRunner.java:47)
	at org.gradle.config
uration.BuildOperatio
nScriptPlugin.lambda$
apply$0(BuildOperatio
nScriptPlugin.java:65
)
	at org.gradle.intern
al.code.DefaultUserCo
deApplicationContext.
apply(DefaultUserCode
ApplicationContext.ja
va:44)
	at org.gradle.config
uration.BuildOperatio
nScriptPlugin.apply(B
uildOperationScriptPl
ugin.java:65)
	at org.gradle.initia
lization.ScriptEvalua
tingSettingsProcessor
.applySettingsScript(
ScriptEvaluatingSetti
ngsProcessor.java:75)
	at org.gradle.initia
lization.ScriptEvalua
tingSettingsProcessor
.process(ScriptEvalua
tingSettingsProcessor
.java:68)
	at org.gradle.initia
lization.SettingsEval
uatedCallbackFiringSe
ttingsProcessor.proce
ss(SettingsEvaluatedC
allbackFiringSettings
Processor.java:34)
	at org.gradle.initia
lization.RootBuildCac
heControllerSettingsP
rocessor.process(Root
BuildCacheControllerS
ettingsProcessor.java
:47)
	at org.gradle.initia
lization.BuildOperati
onSettingsProcessor$2
.call(BuildOperationS
ettingsProcessor.java
:49)
	at org.gradle.initia
lization.BuildOperati
onSettingsProcessor$2
.call(BuildOperationS
ettingsProcessor.java
:46)
	at org.gradle.intern
al.operations.Default
BuildOperationRunner$
CallableBuildOperatio
nWorker.execute(Defau
ltBuildOperationRunne
r.java:209)
	at org.gradle.intern
al.operations.Default
BuildOperationRunner$
CallableBuildOperatio
nWorker.execute(Defau
ltBuildOperationRunne
r.java:204)
	at org.gradle.intern
al.operations.Default
BuildOperationRunner$
2.execute(DefaultBuil
dOperationRunner.java
:66)
	at org.gradle.intern
al.operations.Default
BuildOperationRunner$
2.execute(DefaultBuil
dOperationRunner.java
:59)
	at org.gradle.intern
al.operations.Default
BuildOperationRunner.
execute(DefaultBuildO
perationRunner.java:1
66)
	at org.gradle.intern
al.operations.Default
BuildOperationRunner.
execute(DefaultBuildO
perationRunner.java:5
9)
	at org.gradle.intern
al.operations.Default
BuildOperationRunner.
call(DefaultBuildOper
ationRunner.java:53)
	at org.gradle.initia
lization.BuildOperati
onSettingsProcessor.p
rocess(BuildOperation
SettingsProcessor.jav
a:46)
	at org.gradle.initia
lization.DefaultSetti
ngsLoader.findSetting
sAndLoadIfAppropriate
(DefaultSettingsLoade
r.java:143)
	at org.gradle.initia
lization.DefaultSetti
ngsLoader.findAndLoad
Settings(DefaultSetti
ngsLoader.java:63)
	at org.gradle.initia
lization.SettingsAtta
chingSettingsLoader.f
indAndLoadSettings(Se
ttingsAttachingSettin
gsLoader.java:33)
	at org.gradle.intern
al.composite.CommandL
ineIncludedBuildSetti
ngsLoader.findAndLoad
Settings(CommandLineI
ncludedBuildSettingsL
oader.java:35)
	at org.gradle.intern
al.composite.ChildBui
ldRegisteringSettings
Loader.findAndLoadSet
tings(ChildBuildRegis
teringSettingsLoader.
java:44)
	at org.gradle.intern
al.composite.Composit
eBuildSettingsLoader.
findAndLoadSettings(C
ompositeBuildSettings
Loader.java:35)
	at org.gradle.initia
lization.InitScriptHa
ndlingSettingsLoader.
findAndLoadSettings(I
nitScriptHandlingSett
ingsLoader.java:33)
	at org.gradle.api.in
ternal.initialization
.CacheConfigurationsH
andlingSettingsLoader
.findAndLoadSettings(
CacheConfigurationsHa
ndlingSettingsLoader.
java:36)
	at org.gradle.initia
lization.GradleProper
tiesHandlingSettingsL
oader.findAndLoadSett
ings(GradleProperties
HandlingSettingsLoade
r.java:38)
	at org.gradle.initia
lization.DefaultSetti
ngsPreparer.prepareSe
ttings(DefaultSetting
sPreparer.java:31)
	at org.gradle.initia
lization.BuildOperati
onFiringSettingsPrepa
rer$LoadBuild.doLoadB
uild(BuildOperationFi
ringSettingsPreparer.
java:71)
	at org.gradle.initia
lization.BuildOperati
onFiringSettingsPrepa
rer$LoadBuild.run(Bui
ldOperationFiringSett
ingsPreparer.java:66)
	at org.gradle.intern
al.operations.Default
BuildOperationRunner$
1.execute(DefaultBuil
dOperationRunner.java
:29)
	at org.gradle.intern
al.operations.Default
BuildOperationRunner$
1.execute(DefaultBuil
dOperationRunner.java
:26)
	at org.gradle.intern
al.operations.Default
BuildOperationRunner$
2.execute(DefaultBuil
dOperationRunner.java
:66)
	at org.gradle.intern
al.operations.Default
BuildOperationRunner$
2.execute(DefaultBuil
dOperationRunner.java
:59)
	at org.gradle.intern
al.operations.Default
BuildOperationRunner.
execute(DefaultBuildO
perationRunner.java:1
66)
	at org.gradle.intern
al.operations.Default
BuildOperationRunner.
execute(DefaultBuildO
perationRunner.java:5
9)
	at org.gradle.intern
al.operations.Default
BuildOperationRunner.
run(DefaultBuildOpera
tionRunner.java:47)
	at org.gradle.initia
lization.BuildOperati
onFiringSettingsPrepa
rer.prepareSettings(B
uildOperationFiringSe
ttingsPreparer.java:5
4)
	at org.gradle.initia
lization.VintageBuild
ModelController.lambd
a$prepareSettings$1(V
intageBuildModelContr
oller.java:80)
	at org.gradle.intern
al.model.StateTransit
ionController.lambda$
doTransition$14(State
TransitionController.
java:255)
	at org.gradle.intern
al.model.StateTransit
ionController.doTrans
ition(StateTransition
Controller.java:266)
	at org.gradle.intern
al.model.StateTransit
ionController.doTrans
ition(StateTransition
Controller.java:254)
	at org.gradle.intern
al.model.StateTransit
ionController.lambda$
transitionIfNotPrevio
usly$11(StateTransiti
onController.java:213
)
	at org.gradle.intern
al.work.DefaultSynchr
onizer.withLock(Defau
ltSynchronizer.java:3
6)
	at org.gradle.intern
al.model.StateTransit
ionController.transit
ionIfNotPreviously(St
ateTransitionControll
er.java:209)
	at org.gradle.initia
lization.VintageBuild
ModelController.prepa
reSettings(VintageBui
ldModelController.jav
a:80)
	at org.gradle.initia
lization.VintageBuild
ModelController.prepa
reToScheduleTasks(Vin
tageBuildModelControl
ler.java:70)
	at org.gradle.intern
al.build.DefaultBuild
LifecycleController.l
ambda$prepareToSchedu
leTasks$6(DefaultBuil
dLifecycleController.
java:175)
	at org.gradle.intern
al.model.StateTransit
ionController.lambda$
doTransition$14(State
TransitionController.
java:255)
	at org.gradle.intern
al.model.StateTransit
ionController.doTrans
ition(StateTransition
Controller.java:266)
	at org.gradle.intern
al.model.StateTransit
ionController.doTrans
ition(StateTransition
Controller.java:254)
	at org.gradle.intern
al.model.StateTransit
ionController.lambda$
maybeTransition$9(Sta
teTransitionControlle
r.java:190)
	at org.gradle.intern
al.work.DefaultSynchr
onizer.withLock(Defau
ltSynchronizer.java:3
6)
	at org.gradle.intern
al.model.StateTransit
ionController.maybeTr
ansition(StateTransit
ionController.java:18
6)
	at org.gradle.intern
al.build.DefaultBuild
LifecycleController.p
repareToScheduleTasks
(DefaultBuildLifecycl
eController.java:173)
	at org.gradle.intern
al.buildtree.DefaultB
uildTreeWorkPreparer.
scheduleRequestedTask
s(DefaultBuildTreeWor
kPreparer.java:36)
	at org.gradle.intern
al.cc.impl.VintageBui
ldTreeWorkController$
scheduleAndRunRequest
edTasks$1.apply(Vinta
geBuildTreeWorkContro
ller.kt:36)
	at org.gradle.intern
al.cc.impl.VintageBui
ldTreeWorkController$
scheduleAndRunRequest
edTasks$1.apply(Vinta
geBuildTreeWorkContro
ller.kt:35)
	at org.gradle.compos
ite.internal.DefaultI
ncludedBuildTaskGraph
.withNewWorkGraph(Def
aultIncludedBuildTask
Graph.java:112)
	at org.gradle.intern
al.cc.impl.VintageBui
ldTreeWorkController.
scheduleAndRunRequest
edTasks(VintageBuildT
reeWorkController.kt:
35)
	at org.gradle.intern
al.buildtree.DefaultB
uildTreeLifecycleCont
roller.lambda$schedul
eAndRunTasks$1(Defaul
tBuildTreeLifecycleCo
ntroller.java:77)
	at org.gradle.intern
al.buildtree.DefaultB
uildTreeLifecycleCont
roller.lambda$runBuil
d$4(DefaultBuildTreeL
ifecycleController.ja
va:120)
	at org.gradle.intern
al.model.StateTransit
ionController.lambda$
transition$6(StateTra
nsitionController.jav
a:169)
	at org.gradle.intern
al.model.StateTransit
ionController.doTrans
ition(StateTransition
Controller.java:266)
	at org.gradle.intern
al.model.StateTransit
ionController.lambda$
transition$7(StateTra
nsitionController.jav
a:169)
	at org.gradle.intern
al.work.DefaultSynchr
onizer.withLock(Defau
ltSynchronizer.java:4
6)
	at org.gradle.intern
al.model.StateTransit
ionController.transit
ion(StateTransitionCo
ntroller.java:169)
	at org.gradle.intern
al.buildtree.DefaultB
uildTreeLifecycleCont
roller.runBuild(Defau
ltBuildTreeLifecycleC
ontroller.java:117)
	at org.gradle.intern
al.buildtree.DefaultB
uildTreeLifecycleCont
roller.scheduleAndRun
Tasks(DefaultBuildTre
eLifecycleController.
java:77)
	at org.gradle.intern
al.buildtree.DefaultB
uildTreeLifecycleCont
roller.scheduleAndRun
Tasks(DefaultBuildTre
eLifecycleController.
java:72)
	at org.gradle.toolin
g.internal.provider.E
xecuteBuildActionRunn
er.run(ExecuteBuildAc
tionRunner.java:31)
	at org.gradle.launch
er.exec.ChainingBuild
ActionRunner.run(Chai
ningBuildActionRunner
.java:35)
	at org.gradle.intern
al.buildtree.ProblemR
eportingBuildActionRu
nner.run(ProblemRepor
tingBuildActionRunner
.java:49)
	at org.gradle.launch
er.exec.BuildOutcomeR
eportingBuildActionRu
nner.run(BuildOutcome
ReportingBuildActionR
unner.java:66)
	at org.gradle.toolin
g.internal.provider.F
ileSystemWatchingBuil
dActionRunner.run(Fil
eSystemWatchingBuildA
ctionRunner.java:140)
	at org.gradle.launch
er.exec.BuildCompleti
onNotifyingBuildActio
nRunner.run(BuildComp
letionNotifyingBuildA
ctionRunner.java:41)
	at org.gradle.launch
er.exec.RootBuildLife
cycleBuildActionExecu
tor.lambda$execute$0(
RootBuildLifecycleBui
ldActionExecutor.java
:54)
	at org.gradle.compos
ite.internal.DefaultR
ootBuildState.run(Def
aultRootBuildState.ja
va:130)
	at org.gradle.launch
er.exec.RootBuildLife
cycleBuildActionExecu
tor.execute(RootBuild
LifecycleBuildActionE
xecutor.java:54)
	at org.gradle.intern
al.buildtree.InitDepr
ecationLoggingActionE
xecutor.execute(InitD
eprecationLoggingActi
onExecutor.java:62)
	at org.gradle.intern
al.buildtree.InitProb
lems.execute(InitProb
lems.java:36)
	at org.gradle.intern
al.buildtree.DefaultB
uildTreeContext.execu
te(DefaultBuildTreeCo
ntext.java:40)
	at org.gradle.launch
er.exec.BuildTreeLife
cycleBuildActionExecu
tor.lambda$execute$0(
BuildTreeLifecycleBui
ldActionExecutor.java
:71)
	at org.gradle.intern
al.buildtree.BuildTre
eState.run(BuildTreeS
tate.java:60)
	at org.gradle.launch
er.exec.BuildTreeLife
cycleBuildActionExecu
tor.execute(BuildTree
LifecycleBuildActionE
xecutor.java:71)
	at org.gradle.launch
er.exec.RunAsBuildOpe
rationBuildActionExec
utor$3.call(RunAsBuil
dOperationBuildAction
Executor.java:61)
	at org.gradle.launch
er.exec.RunAsBuildOpe
rationBuildActionExec
utor$3.call(RunAsBuil
dOperationBuildAction
Executor.java:57)
	at org.gradle.intern
al.operations.Default
BuildOperationRunner$
CallableBuildOperatio
nWorker.execute(Defau
ltBuildOperationRunne
r.java:209)
	at org.gradle.intern
al.operations.Default
BuildOperationRunner$
CallableBuildOperatio
nWorker.execute(Defau
ltBuildOperationRunne
r.java:204)
	at org.gradle.intern
al.operations.Default
BuildOperationRunner$
2.execute(DefaultBuil
dOperationRunner.java
:66)
	at org.gradle.intern
al.operations.Default
BuildOperationRunner$
2.execute(DefaultBuil
dOperationRunner.java
:59)
	at org.gradle.intern
al.operations.Default
BuildOperationRunner.
execute(DefaultBuildO
perationRunner.java:1
66)
	at org.gradle.intern
al.operations.Default
BuildOperationRunner.
execute(DefaultBuildO
perationRunner.java:5
9)
	at org.gradle.intern
al.operations.Default
BuildOperationRunner.
call(DefaultBuildOper
ationRunner.java:53)
	at org.gradle.launch
er.exec.RunAsBuildOpe
rationBuildActionExec
utor.execute(RunAsBui
ldOperationBuildActio
nExecutor.java:57)
	at org.gradle.launch
er.exec.RunAsWorkerTh
readBuildActionExecut
or.lambda$execute$0(R
unAsWorkerThreadBuild
ActionExecutor.java:3
6)
	at org.gradle.intern
al.work.DefaultWorker
LeaseService.withLock
s(DefaultWorkerLeaseS
ervice.java:263)
	at org.gradle.intern
al.work.DefaultWorker
LeaseService.runAsWor
kerThread(DefaultWork
erLeaseService.java:1
27)
	at org.gradle.launch
er.exec.RunAsWorkerTh
readBuildActionExecut
or.execute(RunAsWorke
rThreadBuildActionExe
cutor.java:36)
	at org.gradle.toolin
g.internal.provider.c
ontinuous.ContinuousB
uildActionExecutor.ex
ecute(ContinuousBuild
ActionExecutor.java:1
10)
	at org.gradle.toolin
g.internal.provider.S
ubscribableBuildActio
nExecutor.execute(Sub
scribableBuildActionE
xecutor.java:64)
	at org.gradle.intern
al.session.DefaultBui
ldSessionContext.exec
ute(DefaultBuildSessi
onContext.java:46)
	at org.gradle.intern
al.buildprocess.execu
tion.BuildSessionLife
cycleBuildActionExecu
tor$ActionImpl.apply(
BuildSessionLifecycle
BuildActionExecutor.j
ava:92)
	at org.gradle.intern
al.buildprocess.execu
tion.BuildSessionLife
cycleBuildActionExecu
tor$ActionImpl.apply(
BuildSessionLifecycle
BuildActionExecutor.j
ava:80)
	at org.gradle.intern
al.session.BuildSessi
onState.run(BuildSess
ionState.java:71)
	at org.gradle.intern
al.buildprocess.execu
tion.BuildSessionLife
cycleBuildActionExecu
tor.execute(BuildSess
ionLifecycleBuildActi
onExecutor.java:62)
	at org.gradle.intern
al.buildprocess.execu
tion.BuildSessionLife
cycleBuildActionExecu
tor.execute(BuildSess
ionLifecycleBuildActi
onExecutor.java:41)
	at org.gradle.intern
al.buildprocess.execu
tion.StartParamsValid
atingActionExecutor.e
xecute(StartParamsVal
idatingActionExecutor
.java:64)
	at org.gradle.intern
al.buildprocess.execu
tion.StartParamsValid
atingActionExecutor.e
xecute(StartParamsVal
idatingActionExecutor
.java:32)
	at org.gradle.intern
al.buildprocess.execu
tion.SessionFailureRe
portingActionExecutor
.execute(SessionFailu
reReportingActionExec
utor.java:51)
	at org.gradle.intern
al.buildprocess.execu
tion.SessionFailureRe
portingActionExecutor
.execute(SessionFailu
reReportingActionExec
utor.java:39)
	at org.gradle.intern
al.buildprocess.execu
tion.SetupLoggingActi
onExecutor.execute(Se
tupLoggingActionExecu
tor.java:47)
	at org.gradle.intern
al.buildprocess.execu
tion.SetupLoggingActi
onExecutor.execute(Se
tupLoggingActionExecu
tor.java:31)
	at org.gradle.launch
er.daemon.server.exec
.ExecuteBuild.doBuild
(ExecuteBuild.java:70
)
	at org.gradle.launch
er.daemon.server.exec
.BuildCommandOnly.exe
cute(BuildCommandOnly
.java:37)
	at org.gradle.launch
er.daemon.server.api.
DaemonCommandExecutio
n.proceed(DaemonComma
ndExecution.java:104)
	at org.gradle.launch
er.daemon.server.exec
.WatchForDisconnectio
n.execute(WatchForDis
connection.java:39)
	at org.gradle.launch
er.daemon.server.api.
DaemonCommandExecutio
n.proceed(DaemonComma
ndExecution.java:104)
	at org.gradle.launch
er.daemon.server.exec
.ResetDeprecationLogg
er.execute(ResetDepre
cationLogger.java:29)
	at org.gradle.launch
er.daemon.server.api.
DaemonCommandExecutio
n.proceed(DaemonComma
ndExecution.java:104)
	at org.gradle.launch
er.daemon.server.exec
.RequestStopIfSingleU
sedDaemon.execute(Req
uestStopIfSingleUsedD
aemon.java:35)
	at org.gradle.launch
er.daemon.server.api.
DaemonCommandExecutio
n.proceed(DaemonComma
ndExecution.java:104)
	at org.gradle.launch
er.daemon.server.exec
.ForwardClientInput.l
ambda$execute$0(Forwa
rdClientInput.java:40
)
	at org.gradle.intern
al.daemon.clientinput
.ClientInputForwarder
.forwardInput(ClientI
nputForwarder.java:80
)
	at org.gradle.launch
er.daemon.server.exec
.ForwardClientInput.e
xecute(ForwardClientI
nput.java:37)
	at org.gradle.launch
er.daemon.server.api.
DaemonCommandExecutio
n.proceed(DaemonComma
ndExecution.java:104)
	at org.gradle.launch
er.daemon.server.exec
.LogAndCheckHealth.ex
ecute(LogAndCheckHeal
th.java:64)
	at org.gradle.launch
er.daemon.server.api.
DaemonCommandExecutio
n.proceed(DaemonComma
ndExecution.java:104)
	at org.gradle.launch
er.daemon.server.exec
.LogToClient.doBuild(
LogToClient.java:63)
	at org.gradle.launch
er.daemon.server.exec
.BuildCommandOnly.exe
cute(BuildCommandOnly
.java:37)
	at org.gradle.launch
er.daemon.server.api.
DaemonCommandExecutio
n.proceed(DaemonComma
ndExecution.java:104)
	at org.gradle.launch
er.daemon.server.exec
.EstablishBuildEnviro
nment.doBuild(Establi
shBuildEnvironment.ja
va:84)
	at org.gradle.launch
er.daemon.server.exec
.BuildCommandOnly.exe
cute(BuildCommandOnly
.java:37)
	at org.gradle.launch
er.daemon.server.api.
DaemonCommandExecutio
n.proceed(DaemonComma
ndExecution.java:104)
	at org.gradle.launch
er.daemon.server.exec
.StartBuildOrRespondW
ithBusy$1.run(StartBu
ildOrRespondWithBusy.
java:52)
	at org.gradle.launch
er.daemon.server.Daem
onStateCoordinator.la
mbda$runCommand$0(Dae
monStateCoordinator.j
ava:321)
	at org.gradle.intern
al.concurrent.Executo
rPolicy$CatchAndRecor
dFailures.onExecute(E
xecutorPolicy.java:64
)
	at org.gradle.intern
al.concurrent.Abstrac
tManagedExecutor$1.ru
n(AbstractManagedExec
utor.java:48)


BUILD FAILED in 994ms
